      0s    0.0+ Opened /workspace/MTO/old_version/MTO/3Dheatsink/app/PicoGK.log
      0s    0.0+ 
      0s    0.0+ ----------------------------------------
      0s    0.0+ 
      0s    0.0+ Current time (UTC): 2026-05-02 12:27:02 (UTC)
      0s    0.0+ Current local time: 2026-05-02 12:27:02 (+00:00)
      0s    0.0+ 
      0s    0.0+ ----------------------------------------
      0s    0.0+ 
      0s    0.0+ System Info:
      0s    0.0+ 
      0s    0.0+ Machine Name:         088f4e342178
      0s    0.0+ Operating System      Ubuntu 24.04.4 LTS
      0s    0.0+ Version:              Unix 6.6.87.2
      0s    0.0+ OS Architecture:      X64
      0s    0.0+ Proc Architecture:    X64
      0s    0.0+ 64 Bit OS:            Yes
      0s    0.0+ 64 Bit Process:       Yes
      0s    0.0+ Processor Count:      20
      0s    0.0+ Working Set:          135MB
      0s    0.0+ C# Framework:         .NET 9.0.15
      0s    0.0+ C# CLR Version:       9.0.15
      0s    0.0+ PicoGK Path:          picogk.1.7
      0s    0.0+ Command Line:         
      0s    0.0+ 
      0s    0.0+ ----------------------------------------
      0s    0.0+ 
      0s    0.0+ Welcome to PicoGK
      0s    0.0+ Creating Viewer
      1s    0.7+ PicoGK:    PicoGK Core Library
      1s    0.0+            1.7.1
      1s    0.0+            2026-04-29 09:19:06 picogk
      1s    0.0+ 
      1s    0.0+ VoxelSize: 0.05 (mm)
      1s    0.0+ Happy Computational Engineering!
      1s    0.0+ 
      1s    0.0+ 
      1s    0.0+ Loading lights embedded environment
      1s    0.0+ Starting tasks.
      1s    0.0+ 
      1s    0.0+ Loading Lights
     85s   84.1+ Viewer Window Closed
     85s    0.0+ 
     85s    0.0+ ----------------------------------------
     85s    0.0+ 
     85s    0.0+ Closing log file.
     85s    0.0+ Current time (UTC): 2026-05-02 12:28:27 (UTC)
     85s    0.0+ Current local time: 2026-05-02 12:28:27 (+00:00)
     85s    0.0+ Done.
